# 
# Steps log generated by v++
# This log file contains a collection of steps that describe the kernel compilation flow
# Note: Some steps are tagged as internal, these steps are for debugging purposes and 
#       are not expected to be able to run independently.
# 

# The following environment variables are set when running vitis-run
Environment variables :
------------------------------------------
ACSetupSvcPort=23210
ACSvcPort=17532
ALLUSERSPROFILE=C:\ProgramData
APPDATA=C:\Users\Administrator\AppData\Roaming
arr.length=0
arr.Ubound=-1
CHARPOP=1
ChocolateyInstall=C:\ProgramData\chocolatey
ChocolateyLastPathUpdate=133769798844070692
CMAKE_OBJECT_PATH_MAX=4096
CommonProgramFiles=C:\Program Files\Common Files
CommonProgramFiles(x86)=C:\Program Files (x86)\Common Files
CommonProgramW6432=C:\Program Files\Common Files
COMPUTERNAME=WIN-FBVBFD2MH91
ComSpec=C:\Windows\system32\cmd.exe
DriverData=C:\Windows\System32\Drivers\DriverData
EnableLog=INFO
FPS_BROWSER_APP_PROFILE_STRING=Internet Explorer
FPS_BROWSER_USER_PROFILE_STRING=Default
HDI_APPROOT=D:/Vitis/2024.2
HDI_PROCESSOR=i686
HOMEDRIVE=C:
HOMEPATH=\Users\Administrator
HW_SERVER_DJTG_DISABLE=1
HW_SERVER_FTDIMGR_DISABLE=1
IDE_SKIP_SERVER_LICENSE=1
INT_VARIABLE_NAME=XILINX_PATH
ISL_IOSTREAMS_RSA=D:/Vitis/2024.2/tps/isl
JAVA_EXE=D:\Vitis\2024.2\tps\win64\jre11.0.16_1\bin\java.exe
JAVA_HOME=D:\Vitis\2024.2\tps\win64\jre11.0.16_1
LC_NUMERIC=C
LOCALAPPDATA=C:\Users\Administrator\AppData\Local
LOGONSERVER=\\WIN-FBVBFD2MH91
LOPPER_DTC_FLAGS=-b 0 -@
NOSPLASH=false
NUMBER_OF_PROCESSORS=16
OneDrive=C:\Users\Administrator\OneDrive
ORIGINAL_XDG_CURRENT_DESKTOP=undefined
OS=Windows_NT
PATH=D:/Vivado/2024.2/tps/win64/binutils-2.26/bin;D:/Vitis/2024.2/bin/../gnu/aarch64/nt/aarch64-linux/bin;D:/Vitis/2024.2/bin/../gnu/ppc64le/4.9.3/win64/bin;D:/Vitis/2024.2/bin/../gnu/aarch32/nt/gcc-arm-linux-gnueabi/bin;D:/Vitis/2024.2/tps/mingw/6.2.0/win64.o/nt/bin;D:/Vivado/2024.2\gnuwin\bin;D:/Vivado/2024.2\gnu\microblaze\nt\bin;D:/Vitis/2024.2/bin;D:/Vitis/2024.2/tps/win64/javafx-sdk-11.0.2/lib;D:/Vitis/2024.2/tps/win64/javafx-sdk-11.0.2/bin;D:/Vitis/2024.2/lib/win64.o;D:/Vitis/2024.2/tps/win64/jre11.0.16_1/bin/server;D:/Vitis/2024.2/tps/win64/jre11.0.16_1/bin;D:\Vitis\2024.2\tps\win64\lopper-1.1.0-packages\min_sdk\\usr\bin;D:\Vitis\2024.2\tps\win64\cmake-3.24.2\bin;D:\Vitis\2024.2\gnu\microblaze\nt\bin;D:\Vitis\2024.2\gnu\microblaze\linux_toolchain\nt64_le\bin;D:\Vitis\2024.2\gnu\aarch32\nt\gcc-arm-linux-gnueabi\bin;D:\Vitis\2024.2\gnu\aarch32\nt\gcc-arm-none-eabi\bin;D:\Vitis\2024.2\gnu\aarch64\nt\aarch64-linux\bin;D:\Vitis\2024.2\gnu\aarch64\nt\aarch64-none\bin;D:\Vitis\2024.2\gnu\armr5\nt\gcc-arm-none-eabi\bin;D:\Vitis\2024.2\gnuwin\bin;D:\Vitis\2024.2\tps\win64\python-3.8.3;D:\Vitis\2024.2\tps\win64\libxslt\bin;D:/Vivado/2024.2\bin;D:/Vitis/2024.2\gnu\arm\nt\bin;D:/Vitis/2024.2\gnu\microblaze\linux_toolchain\nt64_be\bin;D:/Vitis/2024.2\gnu\riscv\nt\riscv64-unknown-elf\bin;D:/Vivado/2024.2\tps\win64\python-3.8.3;D:/Vivado/2024.2\tps\win64\git-2.45.0\bin;D:/Vivado/2024.2\tps\win64\cmake-3.24.2\bin;D:/Vitis/2024.2\win64\tools\clang\bin;C:\Program Files (x86)\PaoD-Radar\jre\bin;C:\Program Files\dotnet\;C:\ProgramData\chocolatey\bin;C:\Users\Administrator\AppData\Local\Programs\Python\Python310\Scripts\;C:\Users\Administrator\AppData\Local\Programs\Python\Python310\;C:\Users\Administrator\anaconda3;C:\Users\Administrator\anaconda3\Library\mingw-w64\bin;C:\Users\Administrator\anaconda3\Library\usr\bin;C:\Users\Administrator\anaconda3\Library\bin;C:\Users\Administrator\anaconda3\Scripts;C:\Users\Administrator\AppData\Local\Programs\Python\Python312\Scripts\;C:\Users\Administrator\AppData\Local\Programs\Python\Python312\;C:\Users\Administrator\AppData\Local\Programs\Python\Launcher\;C:\Users\Administrator\AppData\Local\Microsoft\WindowsApps;C:\Users\Administrator\AppData\Local\Programs\Microsoft VS Code\bin;;D:/Vitis/2024.2\tps\mingw\6.2.0\win64.o\nt\bin;D:/Vitis/2024.2\tps\mingw\6.2.0\win64.o\nt\libexec\gcc\x86_64-w64-mingw32\6.2.0
PATHEXT=.COM;.EXE;.BAT;.CMD;.VBS;.VBE;.JS;.JSE;.WSF;.WSH;.MSC
PROCESSOR_ARCHITECTURE=AMD64
PROCESSOR_IDENTIFIER=AMD64 Family 25 Model 80 Stepping 0, AuthenticAMD
PROCESSOR_LEVEL=25
PROCESSOR_REVISION=5000
PRODVERSION_EXE=D:/Vitis/2024.2/bin/unwrapped/win64.o/prodversion.exe
ProgramData=C:\ProgramData
ProgramFiles=C:\Program Files
ProgramFiles(x86)=C:\Program Files (x86)
ProgramW6432=C:\Program Files
PROMPT=$P$G
PSModulePath=C:\Program Files\WindowsPowerShell\Modules;C:\Windows\system32\WindowsPowerShell\v1.0\Modules
PUBLIC=C:\Users\Public
PYTHONPATH=;D:/Vitis/2024.2\cli;D:/Vitis/2024.2\cli\python-packages\win64;D:/Vitis/2024.2\cli\python-packages\site-packages;D:/Vitis/2024.2\cli\proto;D:/Vitis/2024.2\scripts\python_pkg;
python_path=;D:/Vitis/2024.2\cli;D:/Vitis/2024.2\cli\python-packages\win64;D:/Vitis/2024.2\cli\python-packages\site-packages;D:/Vitis/2024.2\cli\proto;D:/Vitis/2024.2\scripts\python_pkg;
RDI_APPROOT=D:/Vitis/2024.2
RDI_ARGS= --mode hls --csim --config C:\Users\Administrator\Desktop\EEE\hls\cnn_conv\hls_config.cfg --work_dir cnn_conv
RDI_ARGS_FUNCTION=RDI_EXEC_DEFAULT
RDI_BASEROOT=D:/Vitis
RDI_BINDIR=D:/Vitis/2024.2/bin
RDI_BINROOT=D:/Vitis/2024.2/bin
RDI_BUILD=yes
RDI_CHECK_PROG=True
RDI_DATADIR=D:/SharedData/2024.2/data;D:/Vitis/2024.2/data
RDI_INSTALLROOT=D:
RDI_INSTALLVER=2024.2
RDI_INSTALLVERSION=2024.2
RDI_JAVACEFROOT=D:/Vitis/2024.2/tps/win64/java-cef-95.0.4638.69
RDI_JAVAFXROOT=D:/Vitis/2024.2/tps/win64/javafx-sdk-11.0.2
RDI_JAVAROOT=D:/Vitis/2024.2/tps/win64/jre11.0.16_1
RDI_JAVA_VERSION=11.0.16_1
RDI_LIBDIR=D:/Vitis/2024.2/lib/win64.o
RDI_MINGW_LIB=D:/Vitis/2024.2\tps\mingw\6.2.0\win64.o\nt\bin;D:/Vitis/2024.2\tps\mingw\6.2.0\win64.o\nt\libexec\gcc\x86_64-w64-mingw32\6.2.0
RDI_OPT_EXT=.o
RDI_OS_ARCH=64
RDI_PLATFORM=win64
RDI_PREPEND_PATH=D:/Vitis/2024.2/bin
RDI_PROG=D:/Vitis/2024.2/bin/unwrapped/win64.o/vitis-run.exe
RDI_PROGNAME=vitis-run.exe
RDI_SESSION_INFO=D:\Vitis\2024.2\bin:WIN-FBVBFD2MH91-2025-04-03周四_1-29-15.97
RDI_SHARED_DATA=D:/SharedData/2024.2/data
RDI_TPS_ROOT=D:/Vivado/2024.2/tps/win64
RDI_USE_JDK11=1
RDI_VERBOSE=False
RlsSvcPort=22112
RT_LIBPATH=D:/Vitis/2024.2/scripts/rt/data
RT_TCL_PATH=D:/Vitis/2024.2/scripts/rt/base_tcl/tcl
SDKROOT=D:\Vitis\2024.2\tps\win64\lopper-1.1.0-packages\min_sdk\
SESSIONNAME=Console
session_string=C:\Users\Administrator\Desktop\EEE\hls\cnn_conv:WIN-FBVBFD2MH91-2025-04-03周四_1-43-59.13
SHARED_DATA_HOME="D:/SharedData/2024.2"
supports_classic_ide=false
SWIG_LIB=D:\Vitis\2024.2\tps\win64\lopper-1.1.0-packages\min_sdk\\usr\lib\swig\4.2.1
SYNTH_COMMON=D:/Vitis/2024.2/scripts/rt/data
SystemDrive=C:
SystemRoot=C:\Windows
TCL_LIBRARY=D:/Vitis/2024.2/tps/tcl/tcl8.6
TCMALLOC_LARGE_ALLOC_REPORT_THRESHOLD=4294967296
TEMP=C:\Users\Administrator\AppData\Local\Temp
THEIA_APP_PROJECT_PATH=D:\Vitis\2024.2\ide\electron-app\win64\resources\app
THEIA_DEFAULT_PLUGINS=local-dir:D:\Vitis\2024.2\ide\electron-app\win64\resources\app\plugins
THEIA_ELECTRON_TOKEN={"value":"5060d272-f3a9-414d-80af-a8f882142583"}
THEIA_ELECTRON_VERSION=15.5.7
THEIA_PLUGINS=local-dir:C:\Users\Administrator\.theia\plugins
TMP=C:\Users\Administrator\AppData\Local\Temp
tooldir=tps\win64\git-2.41.0
TOOLS_CLANG=D:/Vitis/2024.2\win64\tools\clang
TPS_CMAKE=D:/Vivado/2024.2\tps\win64\cmake-3.24.2
TPS_GIT=D:/Vivado/2024.2\tps\win64\git-2.45.0
TPS_LIBXSLT=D:/Vitis/2024.2\tps\win64\libxslt
TPS_PYTHON=D:/Vivado/2024.2\tps\win64\python-3.8.3
USERDOMAIN=WIN-FBVBFD2MH91
USERDOMAIN_ROAMINGPROFILE=WIN-FBVBFD2MH91
USERNAME=Administrator
USERPROFILE=C:\Users\Administrator
VITISNEW=true
VITIS_HLS_INSTALL=true
VSCODE_API_VERSION=1.53.2
windir=C:\Windows
XILINX_HLS=D:/Vitis/2024.2
XILINX_PLANAHEAD=D:/Vitis/2024.2
XILINX_SDK=D:/Vitis/2024.2
XILINX_VCXX=D:/Vitis/2024.2/vcxx
XILINX_VITIS=D:\Vitis\2024.2
XILINX_VITIS_GIT=D:/Vivado/2024.2\tps\win64\git-2.45.0\bin
XILINX_VITIS_HLS_ENCAPSULATED=1
XILINX_VITIS_VERSION=Vitis v2024.2 (64-bit)
XILINX_VIVADO=D:/Vivado/2024.2
XILINX_VIVADO_HLS=D:/Vivado/2024.2
XIL_CHECK_TCL_DEBUG=False
XIL_NO_OVERRIDE=0
XIL_SUPPRESS_OVERRIDE_WARNINGS=1
XVREDIST=D:/Vitis/2024.2\tps\win64\xvcredist.exe
_RDI_BINROOT=D:\Vitis\2024.2\bin
_RDI_CWD=C:\Users\Administrator\Desktop\EEE\hls\cnn_conv
_RDI_DONT_SET_XILINX_AS_PATH=True
_RDI_VERSION_PROG=vitis-run
_valid=False
XILINX_CD_CONNECT_ID=61690
XILINX_CD_SESSION=d45dd701-0319-4d27-804d-5c8c9012f342


VITIS-RUN command line:
------------------------------------------
D:/Vitis/2024.2/bin/unwrapped/win64.o/vitis-run.exe --mode hls --csim --config C:\Users\Administrator\Desktop\EEE\hls\cnn_conv\hls_config.cfg --work_dir cnn_conv 

FINAL PROGRAM OPTIONS
--config C:\Users\Administrator\Desktop\EEE\hls\cnn_conv\hls_config.cfg
--csim
--hls.clock 10ns
--hls.clock_uncertainty 2ns
--hls.csim.code_analyzer 1
--hls.flow_target vivado
--hls.package.output.format ip_catalog
--hls.package.output.syn false
--hls.syn.file C:/Users/Administrator/Desktop/EEE/conv1_layer.cpp
--hls.tb.file C:/Users/Administrator/Desktop/EEE/conv1_layer_tb.cpp
--mode hls
--part xc7z020clg400-2
--work_dir cnn_conv

PARSED COMMAND LINE OPTIONS
--mode hls 
--csim 
--config C:\Users\Administrator\Desktop\EEE\hls\cnn_conv\hls_config.cfg 
--work_dir cnn_conv 

PARSED CONFIG FILE (1) OPTIONS
file: C:\Users\Administrator\Desktop\EEE\hls\cnn_conv\hls_config.cfg
part xc7z020clg400-2 
hls.flow_target vivado 
hls.package.output.format ip_catalog 
hls.package.output.syn false 
hls.syn.file C:/Users/Administrator/Desktop/EEE/conv1_layer.cpp 
hls.tb.file C:/Users/Administrator/Desktop/EEE/conv1_layer_tb.cpp 
hls.clock 10ns 
hls.clock_uncertainty 2ns 
hls.csim.code_analyzer 1 


==========================================
new:  steps log generated by v++ for new launch 
timestamp: 03 Apr 2025 01:44:03

------------------------------------------
VITIS-RUN command line :
------------------------------------------
D:/Vitis/2024.2/bin/unwrapped/win64.o/vitis-run.exe --mode hls --csim --config C:\Users\Administrator\Desktop\EEE\hls\cnn_conv\hls_config.cfg --work_dir cnn_conv 
  Options from -O    : 
  Options from *.ini : 
  Options from Hw Platform : 

==========================================
new:  steps log generated by v++ for new launch 
timestamp: 03 Apr 2025 01:45:58

------------------------------------------
VITIS-RUN command line :
------------------------------------------
D:/Vitis/2024.2/bin/unwrapped/win64.o/vitis-run.exe --mode hls --csim --config C:\Users\Administrator\Desktop\EEE\hls\cnn_conv\hls_config.cfg --work_dir cnn_conv 
  Options from -O    : 
  Options from *.ini : 
  Options from Hw Platform : 

==========================================
new:  steps log generated by v++ for new launch 
timestamp: 03 Apr 2025 01:53:24

------------------------------------------
VITIS-RUN command line :
------------------------------------------
D:/Vitis/2024.2/bin/unwrapped/win64.o/vitis-run.exe --mode hls --csim --config C:\Users\Administrator\Desktop\EEE\hls\cnn_conv\hls_config.cfg --work_dir cnn_conv 
  Options from -O    : 
  Options from *.ini : 
  Options from Hw Platform : 

==========================================
new:  steps log generated by v++ for new launch 
timestamp: 03 Apr 2025 02:13:05

------------------------------------------
VITIS-RUN command line :
------------------------------------------
D:/Vitis/2024.2/bin/unwrapped/win64.o/vitis-run.exe --mode hls --csim --config C:\Users\Administrator\Desktop\EEE\hls\cnn_conv\hls_config.cfg --work_dir cnn_conv 
  Options from -O    : 
  Options from *.ini : 
  Options from Hw Platform : 

==========================================
new:  steps log generated by v++ for new launch 
timestamp: 03 Apr 2025 02:14:41

------------------------------------------
VITIS-RUN command line :
------------------------------------------
D:/Vitis/2024.2/bin/unwrapped/win64.o/vitis-run.exe --mode hls --csim --config C:\Users\Administrator\Desktop\EEE\hls\cnn_conv\hls_config.cfg --work_dir cnn_conv 
  Options from -O    : 
  Options from *.ini : 
  Options from Hw Platform : 

==========================================
new:  steps log generated by v++ for new launch 
timestamp: 03 Apr 2025 02:45:25

------------------------------------------
VITIS-RUN command line :
------------------------------------------
D:/Vitis/2024.2/bin/unwrapped/win64.o/vitis-run.exe --mode hls --csim --config C:\Users\Administrator\Desktop\EEE\hls\cnn_conv\hls_config.cfg --work_dir cnn_conv 
  Options from -O    : 
  Options from *.ini : 
  Options from Hw Platform : 

==========================================
new:  steps log generated by v++ for new launch 
timestamp: 03 Apr 2025 03:15:26

------------------------------------------
VITIS-RUN command line :
------------------------------------------
D:/Vitis/2024.2/bin/unwrapped/win64.o/vitis-run.exe --mode hls --csim --config C:\Users\Administrator\Desktop\EEE\hls\cnn_conv\hls_config.cfg --work_dir cnn_conv 
  Options from -O    : 
  Options from *.ini : 
  Options from Hw Platform : 

==========================================
new:  steps log generated by v++ for new launch 
timestamp: 03 Apr 2025 03:18:00

------------------------------------------
VITIS-RUN command line :
------------------------------------------
D:/Vitis/2024.2/bin/unwrapped/win64.o/vitis-run.exe --mode hls --csim --config C:\Users\Administrator\Desktop\EEE\hls\cnn_conv\hls_config.cfg --work_dir cnn_conv 
  Options from -O    : 
  Options from *.ini : 
  Options from Hw Platform : 

==========================================
new:  steps log generated by v++ for new launch 
timestamp: 03 Apr 2025 03:25:59

------------------------------------------
VITIS-RUN command line :
------------------------------------------
D:/Vitis/2024.2/bin/unwrapped/win64.o/vitis-run.exe --mode hls --csim --config C:\Users\Administrator\Desktop\EEE\hls\cnn_conv\hls_config.cfg --work_dir cnn_conv 
  Options from -O    : 
  Options from *.ini : 
  Options from Hw Platform : 

==========================================
new:  steps log generated by v++ for new launch 
timestamp: 03 Apr 2025 03:49:11

------------------------------------------
VITIS-RUN command line :
------------------------------------------
D:/Vitis/2024.2/bin/unwrapped/win64.o/vitis-run.exe --mode hls --csim --config C:\Users\Administrator\Desktop\EEE\hls\cnn_conv\hls_config.cfg --work_dir cnn_conv 
  Options from -O    : 
  Options from *.ini : 
  Options from Hw Platform : 

==========================================
new:  steps log generated by v++ for new launch 
timestamp: 03 Apr 2025 03:50:52

------------------------------------------
VITIS-RUN command line :
------------------------------------------
D:/Vitis/2024.2/bin/unwrapped/win64.o/vitis-run.exe --mode hls --csim --config C:\Users\Administrator\Desktop\EEE\hls\cnn_conv\hls_config.cfg --work_dir cnn_conv 
  Options from -O    : 
  Options from *.ini : 
  Options from Hw Platform : 

==========================================
new:  steps log generated by v++ for new launch 
timestamp: 03 Apr 2025 03:52:19

------------------------------------------
VITIS-RUN command line :
------------------------------------------
D:/Vitis/2024.2/bin/unwrapped/win64.o/vitis-run.exe --mode hls --csim --config C:\Users\Administrator\Desktop\EEE\hls\cnn_conv\hls_config.cfg --work_dir cnn_conv 
  Options from -O    : 
  Options from *.ini : 
  Options from Hw Platform : 

==========================================
new:  steps log generated by v++ for new launch 
timestamp: 03 Apr 2025 03:52:38

------------------------------------------
VITIS-RUN command line :
------------------------------------------
D:/Vitis/2024.2/bin/unwrapped/win64.o/vitis-run.exe --mode hls --csim --config C:\Users\Administrator\Desktop\EEE\hls\cnn_conv\hls_config.cfg --work_dir cnn_conv 
  Options from -O    : 
  Options from *.ini : 
  Options from Hw Platform : 

==========================================
new:  steps log generated by v++ for new launch 
timestamp: 03 Apr 2025 03:53:26

------------------------------------------
VITIS-RUN command line :
------------------------------------------
D:/Vitis/2024.2/bin/unwrapped/win64.o/vitis-run.exe --mode hls --csim --config C:\Users\Administrator\Desktop\EEE\hls\cnn_conv\hls_config.cfg --work_dir cnn_conv 
  Options from -O    : 
  Options from *.ini : 
  Options from Hw Platform : 

==========================================
new:  steps log generated by v++ for new launch 
timestamp: 03 Apr 2025 03:55:13

------------------------------------------
VITIS-RUN command line :
------------------------------------------
D:/Vitis/2024.2/bin/unwrapped/win64.o/vitis-run.exe --mode hls --csim --config C:\Users\Administrator\Desktop\EEE\hls\cnn_conv\hls_config.cfg --work_dir cnn_conv 
  Options from -O    : 
  Options from *.ini : 
  Options from Hw Platform : 

==========================================
new:  steps log generated by v++ for new launch 
timestamp: 03 Apr 2025 03:56:30

------------------------------------------
VITIS-RUN command line :
------------------------------------------
D:/Vitis/2024.2/bin/unwrapped/win64.o/vitis-run.exe --mode hls --csim --config C:\Users\Administrator\Desktop\EEE\hls\cnn_conv\hls_config.cfg --work_dir cnn_conv 
  Options from -O    : 
  Options from *.ini : 
  Options from Hw Platform : 

==========================================
new:  steps log generated by v++ for new launch 
timestamp: 03 Apr 2025 03:58:29

------------------------------------------
VITIS-RUN command line :
------------------------------------------
D:/Vitis/2024.2/bin/unwrapped/win64.o/vitis-run.exe --mode hls --csim --config C:\Users\Administrator\Desktop\EEE\hls\cnn_conv\hls_config.cfg --work_dir cnn_conv 
  Options from -O    : 
  Options from *.ini : 
  Options from Hw Platform : 

==========================================
new:  steps log generated by v++ for new launch 
timestamp: 03 Apr 2025 03:59:42

------------------------------------------
VITIS-RUN command line :
------------------------------------------
D:/Vitis/2024.2/bin/unwrapped/win64.o/vitis-run.exe --mode hls --csim --config C:\Users\Administrator\Desktop\EEE\hls\cnn_conv\hls_config.cfg --work_dir cnn_conv 
  Options from -O    : 
  Options from *.ini : 
  Options from Hw Platform : 

==========================================
new:  steps log generated by v++ for new launch 
timestamp: 03 Apr 2025 04:05:12

------------------------------------------
VITIS-RUN command line :
------------------------------------------
D:/Vitis/2024.2/bin/unwrapped/win64.o/vitis-run.exe --mode hls --csim --config C:\Users\Administrator\Desktop\EEE\hls\cnn_conv\hls_config.cfg --work_dir cnn_conv 
  Options from -O    : 
  Options from *.ini : 
  Options from Hw Platform : 

==========================================
new:  steps log generated by v++ for new launch 
timestamp: 03 Apr 2025 04:07:44

------------------------------------------
VITIS-RUN command line :
------------------------------------------
D:/Vitis/2024.2/bin/unwrapped/win64.o/vitis-run.exe --mode hls --csim --config C:\Users\Administrator\Desktop\EEE\hls\cnn_conv\hls_config.cfg --work_dir cnn_conv 
  Options from -O    : 
  Options from *.ini : 
  Options from Hw Platform : 

==========================================
new:  steps log generated by v++ for new launch 
timestamp: 03 Apr 2025 04:15:22

------------------------------------------
VITIS-RUN command line :
------------------------------------------
D:/Vitis/2024.2/bin/unwrapped/win64.o/vitis-run.exe --mode hls --csim --config C:\Users\Administrator\Desktop\EEE\hls\cnn_conv\hls_config.cfg --work_dir cnn_conv 
  Options from -O    : 
  Options from *.ini : 
  Options from Hw Platform : 

==========================================
new:  steps log generated by v++ for new launch 
timestamp: 03 Apr 2025 04:16:48

------------------------------------------
VITIS-RUN command line :
------------------------------------------
D:/Vitis/2024.2/bin/unwrapped/win64.o/vitis-run.exe --mode hls --csim --config C:\Users\Administrator\Desktop\EEE\hls\cnn_conv\hls_config.cfg --work_dir cnn_conv 
  Options from -O    : 
  Options from *.ini : 
  Options from Hw Platform : 

==========================================
new:  steps log generated by v++ for new launch 
timestamp: 03 Apr 2025 04:18:00

------------------------------------------
VITIS-RUN command line :
------------------------------------------
D:/Vitis/2024.2/bin/unwrapped/win64.o/vitis-run.exe --mode hls --csim --config C:\Users\Administrator\Desktop\EEE\hls\cnn_conv\hls_config.cfg --work_dir cnn_conv 
  Options from -O    : 
  Options from *.ini : 
  Options from Hw Platform : 

==========================================
new:  steps log generated by v++ for new launch 
timestamp: 03 Apr 2025 04:20:22

------------------------------------------
VITIS-RUN command line :
------------------------------------------
D:/Vitis/2024.2/bin/unwrapped/win64.o/vitis-run.exe --mode hls --csim --config C:\Users\Administrator\Desktop\EEE\hls\cnn_conv\hls_config.cfg --work_dir cnn_conv 
  Options from -O    : 
  Options from *.ini : 
  Options from Hw Platform : 

==========================================
new:  steps log generated by v++ for new launch 
timestamp: 03 Apr 2025 04:21:14

------------------------------------------
VITIS-RUN command line :
------------------------------------------
D:/Vitis/2024.2/bin/unwrapped/win64.o/vitis-run.exe --mode hls --csim --config C:\Users\Administrator\Desktop\EEE\hls\cnn_conv\hls_config.cfg --work_dir cnn_conv 
  Options from -O    : 
  Options from *.ini : 
  Options from Hw Platform : 

==========================================
new:  steps log generated by v++ for new launch 
timestamp: 03 Apr 2025 04:24:10

------------------------------------------
VITIS-RUN command line :
------------------------------------------
D:/Vitis/2024.2/bin/unwrapped/win64.o/vitis-run.exe --mode hls --csim --config C:\Users\Administrator\Desktop\EEE\hls\cnn_conv\hls_config.cfg --work_dir cnn_conv 
  Options from -O    : 
  Options from *.ini : 
  Options from Hw Platform : 

==========================================
new:  steps log generated by v++ for new launch 
timestamp: 03 Apr 2025 04:27:53

------------------------------------------
VITIS-RUN command line :
------------------------------------------
D:/Vitis/2024.2/bin/unwrapped/win64.o/vitis-run.exe --mode hls --csim --config C:\Users\Administrator\Desktop\EEE\hls\cnn_conv\hls_config.cfg --work_dir cnn_conv 
  Options from -O    : 
  Options from *.ini : 
  Options from Hw Platform : 

==========================================
new:  steps log generated by v++ for new launch 
timestamp: 03 Apr 2025 04:30:46

------------------------------------------
VITIS-RUN command line :
------------------------------------------
D:/Vitis/2024.2/bin/unwrapped/win64.o/vitis-run.exe --mode hls --csim --config C:\Users\Administrator\Desktop\EEE\hls\cnn_conv\hls_config.cfg --work_dir cnn_conv 
  Options from -O    : 
  Options from *.ini : 
  Options from Hw Platform : 

==========================================
new:  steps log generated by v++ for new launch 
timestamp: 11 Apr 2025 20:53:37

------------------------------------------
V++ command line :
------------------------------------------
D:/Vitis/2024.2/bin/unwrapped/win64.o/v++.exe -c --mode hls --config C:\Users\Administrator\Desktop\EEE\hls\cnn_conv\hls_config.cfg --work_dir cnn_conv 
  Options from -O    : 
  Options from *.ini : 
  Options from Hw Platform : 

==========================================
new:  steps log generated by v++ for new launch 
timestamp: 11 Apr 2025 20:54:05

------------------------------------------
V++ command line :
------------------------------------------
D:/Vitis/2024.2/bin/unwrapped/win64.o/v++.exe -c --mode hls --config C:\Users\Administrator\Desktop\EEE\hls\cnn_conv\hls_config.cfg --work_dir cnn_conv 
  Options from -O    : 
  Options from *.ini : 
  Options from Hw Platform : 

==========================================
new:  steps log generated by v++ for new launch 
timestamp: 18 Apr 2025 00:23:28

------------------------------------------
V++ command line :
------------------------------------------
D:/Vitis/2024.2/bin/unwrapped/win64.o/v++.exe -c --mode hls --config C:\Users\Administrator\Desktop\EEE\hls\cnn_conv\hls_config.cfg --work_dir cnn_conv 
  Options from -O    : 
  Options from *.ini : 
  Options from Hw Platform : 

==========================================
new:  steps log generated by v++ for new launch 
timestamp: 18 Apr 2025 01:07:14

------------------------------------------
V++ command line :
------------------------------------------
D:/Vitis/2024.2/bin/unwrapped/win64.o/v++.exe -c --mode hls --config C:\Users\Administrator\Desktop\EEE\hls\cnn_conv\hls_config.cfg --work_dir cnn_conv 
  Options from -O    : 
  Options from *.ini : 
  Options from Hw Platform : 

==========================================
new:  steps log generated by v++ for new launch 
timestamp: 18 Apr 2025 03:26:33

------------------------------------------
V++ command line :
------------------------------------------
D:/Vitis/2024.2/bin/unwrapped/win64.o/v++.exe -c --mode hls --config C:\Users\Administrator\Desktop\EEE\hls\cnn_conv\hls_config.cfg --work_dir cnn_conv 
  Options from -O    : 
  Options from *.ini : 
  Options from Hw Platform : 

==========================================
new:  steps log generated by v++ for new launch 
timestamp: 18 Apr 2025 03:32:46

------------------------------------------
V++ command line :
------------------------------------------
D:/Vitis/2024.2/bin/unwrapped/win64.o/v++.exe -c --mode hls --config C:\Users\Administrator\Desktop\EEE\hls\cnn_conv\hls_config.cfg --work_dir cnn_conv 
  Options from -O    : 
  Options from *.ini : 
  Options from Hw Platform : 

==========================================
new:  steps log generated by v++ for new launch 
timestamp: 18 Apr 2025 03:52:16

------------------------------------------
V++ command line :
------------------------------------------
D:/Vitis/2024.2/bin/unwrapped/win64.o/v++.exe -c --mode hls --config C:\Users\Administrator\Desktop\EEE\hls\cnn_conv\hls_config.cfg --work_dir cnn_conv 
  Options from -O    : 
  Options from *.ini : 
  Options from Hw Platform : 

==========================================
new:  steps log generated by v++ for new launch 
timestamp: 18 Apr 2025 09:36:01

------------------------------------------
V++ command line :
------------------------------------------
D:/Vitis/2024.2/bin/unwrapped/win64.o/v++.exe -c --mode hls --config C:\Users\Administrator\Desktop\EEE\hls\cnn_conv\hls_config.cfg --work_dir cnn_conv 
  Options from -O    : 
  Options from *.ini : 
  Options from Hw Platform : 

==========================================
new:  steps log generated by v++ for new launch 
timestamp: 18 Apr 2025 13:12:10

------------------------------------------
V++ command line :
------------------------------------------
D:/Vitis/2024.2/bin/unwrapped/win64.o/v++.exe -c --mode hls --config C:\Users\Administrator\Desktop\EEE\hls\cnn_conv\hls_config.cfg --work_dir cnn_conv 
  Options from -O    : 
  Options from *.ini : 
  Options from Hw Platform : 

==========================================
new:  steps log generated by v++ for new launch 
timestamp: 24 Apr 2025 18:30:23

------------------------------------------
VITIS-RUN command line :
------------------------------------------
D:/Vitis/2024.2/bin/unwrapped/win64.o/vitis-run.exe --mode hls --csim --config C:\Users\Administrator\Desktop\EEE\hls\cnn_conv\cnn_conv\hls-debug.cfg --config C:\Users\Administrator\Desktop\EEE\hls\cnn_conv\hls_config.cfg --work_dir cnn_conv 
  Options from -O    : 
  Options from *.ini : 
  Options from Hw Platform : 

==========================================
new:  steps log generated by v++ for new launch 
timestamp: 29 Apr 2025 02:49:04

------------------------------------------
VITIS-RUN command line :
------------------------------------------
D:/Vitis/2024.2/bin/unwrapped/win64.o/vitis-run.exe --mode hls --csim --config C:\Users\Administrator\Desktop\EEE\hls\cnn_conv\hls_config.cfg --work_dir cnn_conv 
  Options from -O    : 
  Options from *.ini : 
  Options from Hw Platform : 

==========================================
new:  steps log generated by v++ for new launch 
timestamp: 29 Apr 2025 02:49:31

------------------------------------------
VITIS-RUN command line :
------------------------------------------
D:/Vitis/2024.2/bin/unwrapped/win64.o/vitis-run.exe --mode hls --csim --config C:\Users\Administrator\Desktop\EEE\hls\cnn_conv\hls_config.cfg --work_dir cnn_conv 
  Options from -O    : 
  Options from *.ini : 
  Options from Hw Platform : 

==========================================
new:  steps log generated by v++ for new launch 
timestamp: 29 Apr 2025 02:50:28

------------------------------------------
V++ command line :
------------------------------------------
D:/Vitis/2024.2/bin/unwrapped/win64.o/v++.exe -c --mode hls --config C:\Users\Administrator\Desktop\EEE\hls\cnn_conv\hls_config.cfg --work_dir cnn_conv 
  Options from -O    : 
  Options from *.ini : 
  Options from Hw Platform : 

==========================================
new:  steps log generated by v++ for new launch 
timestamp: 29 Apr 2025 02:51:09

------------------------------------------
VITIS-RUN command line :
------------------------------------------
D:/Vitis/2024.2/bin/unwrapped/win64.o/vitis-run.exe --mode hls --csim --config C:\Users\Administrator\Desktop\EEE\hls\cnn_conv\hls_config.cfg --work_dir cnn_conv 
  Options from -O    : 
  Options from *.ini : 
  Options from Hw Platform : 

==========================================
new:  steps log generated by v++ for new launch 
timestamp: 29 Apr 2025 03:13:13

------------------------------------------
V++ command line :
------------------------------------------
D:/Vitis/2024.2/bin/unwrapped/win64.o/v++.exe -c --mode hls --config C:\Users\Administrator\Desktop\EEE\hls\cnn_conv\hls_config.cfg --work_dir cnn_conv 
  Options from -O    : 
  Options from *.ini : 
  Options from Hw Platform : 

==========================================
new:  steps log generated by v++ for new launch 
timestamp: 29 Apr 2025 03:13:31

------------------------------------------
VITIS-RUN command line :
------------------------------------------
D:/Vitis/2024.2/bin/unwrapped/win64.o/vitis-run.exe --mode hls --csim --config C:\Users\Administrator\Desktop\EEE\hls\cnn_conv\hls_config.cfg --work_dir cnn_conv 
  Options from -O    : 
  Options from *.ini : 
  Options from Hw Platform : 

==========================================
new:  steps log generated by v++ for new launch 
timestamp: 29 Apr 2025 03:14:09
