  **** HLS Build v2024.2 5238294
INFO: [HLS 200-2005] Using work_dir C:/Users/Administrator/Desktop/EEE/hls/cnn_conv/cnn_conv 
INFO: [HLS 200-1505] Using default flow_target 'vivado'
Resolution: For help on HLS 200-1505 see docs.xilinx.com/access/sources/dita/topic?Doc_Version=2024.2%20English&url=ug1448-hls-guidance&resourceid=200-1505.html
WARNING: [HLS 200-1921] Skipping unknown ini [hls] entry 'directive.timeout=300' from C:/Users/Administrator/Desktop/EEE/hls/cnn_conv/hls_config.cfg(13)
INFO: [HLS 200-1465] Applying ini 'syn.file=C:/Users/Administrator/Desktop/EEE/full_cnn.cpp' from C:/Users/Administrator/Desktop/EEE/hls/cnn_conv/hls_config.cfg(12)
INFO: [HLS 200-10] Adding design file 'C:/Users/Administrator/Desktop/EEE/full_cnn.cpp' to the project
INFO: [HLS 200-1465] Applying ini 'tb.file=C:/Users/Administrator/Desktop/EEE/full_cnn_tb.cpp' from C:/Users/Administrator/Desktop/EEE/hls/cnn_conv/hls_config.cfg(11)
INFO: [HLS 200-10] Adding test bench file 'C:/Users/Administrator/Desktop/EEE/full_cnn_tb.cpp' to the project
INFO: [HLS 200-1465] Applying ini 'syn.top=full_cnn' from C:/Users/Administrator/Desktop/EEE/hls/cnn_conv/hls_config.cfg(10)
INFO: [HLS 200-1465] Applying ini 'flow_target=vivado' from C:/Users/Administrator/Desktop/EEE/hls/cnn_conv/hls_config.cfg(4)
INFO: [HLS 200-1505] Using flow_target 'vivado'
Resolution: For help on HLS 200-1505 see docs.xilinx.com/access/sources/dita/topic?Doc_Version=2024.2%20English&url=ug1448-hls-guidance&resourceid=200-1505.html
INFO: [HLS 200-1465] Applying ini 'part=xc7z020clg400-2' from C:/Users/Administrator/Desktop/EEE/hls/cnn_conv/hls_config.cfg(1)
INFO: [HLS 200-1611] Setting target device to 'xc7z020-clg400-2'
INFO: [HLS 200-1465] Applying ini 'clock=10ns' from C:/Users/Administrator/Desktop/EEE/hls/cnn_conv/hls_config.cfg(7)
INFO: [SYN 201-201] Setting up clock 'default' with a period of 10ns.
INFO: [HLS 200-1465] Applying ini 'clock_uncertainty=2ns' from C:/Users/Administrator/Desktop/EEE/hls/cnn_conv/hls_config.cfg(8)
INFO: [SYN 201-201] Setting up clock 'default' with an uncertainty of 2ns.
INFO: [HLS 200-1465] Applying ini 'csim.code_analyzer=0' from C:/Users/Administrator/Desktop/EEE/hls/cnn_conv/hls_config.cfg(9)
INFO: [HLS 200-1465] Applying ini 'package.output.format=ip_catalog' from C:/Users/Administrator/Desktop/EEE/hls/cnn_conv/hls_config.cfg(5)
INFO: [HLS 200-1465] Applying ini 'csim.O=0' from C:/Users/Administrator/Desktop/EEE/hls/cnn_conv/cnn_conv/hls-debug.cfg(3)
INFO: [HLS 200-1907] Replacing 'config_csim -O=0' with 'config_sim -O=0' in current solution file
INFO: [HLS 200-1465] Applying ini 'csim.clean=1' from C:/Users/Administrator/Desktop/EEE/hls/cnn_conv/cnn_conv/hls-debug.cfg(4)
INFO: [HLS 200-1907] Replacing 'config_csim -O=0' with 'config_sim -O=0' in current solution file
INFO: [HLS 200-1465] Applying ini 'csim.setup=1' from C:/Users/Administrator/Desktop/EEE/hls/cnn_conv/cnn_conv/hls-debug.cfg(2)
INFO: [HLS 200-1907] Replacing 'config_csim -O=0' with 'config_sim -O=0' in current solution file
INFO: [SIM 211-2] *************** CSIM start ***************
INFO: [SIM 211-4] CSIM will launch CLANG as the compiler.
INFO: [HLS 200-2036] Building debug C Simulation binaries
   Compiling ../../../../../../full_cnn_tb.cpp in debug mode
   Compiling ../../../../../../full_cnn.cpp in debug mode
   Generating csim.exe
INFO: [HLS 200-2035] Skipping execution of C Simulation due to 'setup' option
INFO: [SIM 211-1] CSim file generation done with 0 errors.
INFO: [SIM 211-3] *************** CSIM finish ***************
INFO: [HLS 200-112] Total CPU user time: 3 seconds. Total CPU system time: 1 seconds. Total elapsed time: 5.771 seconds; peak allocated memory: 259.113 MB.
INFO: [vitis-run 60-791] Total elapsed time: 0h 0m 10s
