  **** HLS Build v2024.2 5238294
INFO: [HLS 200-2005] Using work_dir C:/Users/Administrator/Desktop/EEE/hls/cnn_conv/cnn_conv 
INFO: [HLS 200-1505] Using default flow_target 'vivado'
Resolution: For help on HLS 200-1505 see docs.xilinx.com/access/sources/dita/topic?Doc_Version=2024.2%20English&url=ug1448-hls-guidance&resourceid=200-1505.html
INFO: [HLS 200-1465] Applying ini 'syn.file=C:/Users/Administrator/Desktop/EEE/conv1_layer.cpp' from C:/Users/Administrator/Desktop/EEE/hls/cnn_conv/hls_config.cfg(7)
INFO: [HLS 200-10] Adding design file 'C:/Users/Administrator/Desktop/EEE/conv1_layer.cpp' to the project
INFO: [HLS 200-1465] Applying ini 'tb.file=C:/Users/Administrator/Desktop/EEE/conv1_layer_tb.cpp' from C:/Users/Administrator/Desktop/EEE/hls/cnn_conv/hls_config.cfg(8)
INFO: [HLS 200-10] Adding test bench file 'C:/Users/Administrator/Desktop/EEE/conv1_layer_tb.cpp' to the project
INFO: [HLS 200-1465] Applying ini 'flow_target=vivado' from C:/Users/Administrator/Desktop/EEE/hls/cnn_conv/hls_config.cfg(4)
INFO: [HLS 200-1505] Using flow_target 'vivado'
Resolution: For help on HLS 200-1505 see docs.xilinx.com/access/sources/dita/topic?Doc_Version=2024.2%20English&url=ug1448-hls-guidance&resourceid=200-1505.html
INFO: [HLS 200-1465] Applying ini 'part=xc7z020clg400-2' from C:/Users/Administrator/Desktop/EEE/hls/cnn_conv/hls_config.cfg(1)
INFO: [HLS 200-1611] Setting target device to 'xc7z020-clg400-2'
INFO: [HLS 200-1465] Applying ini 'clock=10ns' from C:/Users/Administrator/Desktop/EEE/hls/cnn_conv/hls_config.cfg(9)
INFO: [SYN 201-201] Setting up clock 'default' with a period of 10ns.
INFO: [HLS 200-1465] Applying ini 'clock_uncertainty=2ns' from C:/Users/Administrator/Desktop/EEE/hls/cnn_conv/hls_config.cfg(10)
INFO: [SYN 201-201] Setting up clock 'default' with an uncertainty of 2ns.
INFO: [HLS 200-1465] Applying ini 'csim.code_analyzer=1' from C:/Users/Administrator/Desktop/EEE/hls/cnn_conv/hls_config.cfg(11)
INFO: [HLS 200-1465] Applying ini 'package.output.format=ip_catalog' from C:/Users/Administrator/Desktop/EEE/hls/cnn_conv/hls_config.cfg(5)
INFO: [SIM 211-200] Executing Code Analyzer instead of classic HLS C simulation
slxcmd:0:0: error: No top-level hardware function has been defined
ERROR: [SIM 211-200] Code Analyzer execution failed. Consider running the classic C simulation instead by disabling the hls.csim.code_analyzer option in the config file.
ERROR: Problem running csim: child process exited abnormally
INFO: [HLS 200-112] Total CPU user time: 3 seconds. Total CPU system time: 1 seconds. Total elapsed time: 4.89 seconds; peak allocated memory: 259.430 MB.
