04/03/25 01:44:10: Running xcd server. This server was built by gradle.
04/03/25 01:44:10: Server was asked to start on port: '55106'
04/03/25 01:44:10: Server is using token UUID: '144840d4-0fea-11f0-a446-48e7da436318'
04/03/25 01:44:10: SESSION_MGR: creating session with session uuid: '6d04a3e9-ade5-4ab9-8d63-1f78fcd2ec76' and name 'default'
04/03/25 01:44:10: Attempting to start server on port '55106'
04/03/25 01:44:10: Running Dispatch Server
04/03/25 01:44:10: Version 2.2.0
04/03/25 01:44:10: Dispatch Server: Accepted socket connection from client
04/03/25 01:44:10: Starting Socket connection
04/03/25 01:44:10: EXCHANGE_TOKEN received, server token: 144840d4-0fea-11f0-a446-48e7da436318, passed token: 144840d4-0fea-11f0-a446-48e7da436318
04/03/25 01:44:10: SESSION_MGR: creating session with session uuid: 'e9a851df-d098-4564-ad32-b17f093d41ab' and name 'Code Analyzer'
04/03/25 01:44:10: KERNEL_SVC: creating session with uuid: 'e9a851df-d098-4564-ad32-b17f093d41ab' and name 'Code Analyzer'
04/03/25 01:44:10: GUIDANCE_SMGR: creating guidance session with uuid: 'e9a851df-d098-4564-ad32-b17f093d41ab' and name 'Code Analyzer'
04/03/25 01:44:10: SESSION_MGR: closing session for UUID 'e9a851df-d098-4564-ad32-b17f093d41ab' with name ''
04/03/25 01:44:10: KERNEL_SVC: closing session for UUID 'e9a851df-d098-4564-ad32-b17f093d41ab' with name ''
04/03/25 01:44:10: GUIDANCE_SMGR: closing session for UUID 'e9a851df-d098-4564-ad32-b17f093d41ab' with name ''
04/03/25 01:44:10: STOP_SERVER received, server token: 144840d4-0fea-11f0-a446-48e7da436318, passed token: 144840d4-0fea-11f0-a446-48e7da436318
04/03/25 01:44:10: Socket received request to stop server.
04/03/25 01:44:10: Dispatch Server: do_await_stop
04/03/25 01:44:10: SERVER: destructor for server bound to port 55106
04/03/25 01:44:10: Server exiting with status 0.
04/03/25 01:44:10: Closing log file.
04/03/25 01:46:05: Running xcd server. This server was built by gradle.
04/03/25 01:46:05: Server was asked to start on port: '55123'
04/03/25 01:46:05: Server is using token UUID: '58d1b0bc-0fea-11f0-939f-48e7da436318'
04/03/25 01:46:05: SESSION_MGR: creating session with session uuid: '6d04a3e9-ade5-4ab9-8d63-1f78fcd2ec76' and name 'default'
04/03/25 01:46:05: Attempting to start server on port '55123'
04/03/25 01:46:05: Running Dispatch Server
04/03/25 01:46:05: Version 2.2.0
04/03/25 01:46:06: Dispatch Server: Accepted socket connection from client
04/03/25 01:46:06: Starting Socket connection
04/03/25 01:46:06: EXCHANGE_TOKEN received, server token: 58d1b0bc-0fea-11f0-939f-48e7da436318, passed token: 58d1b0bc-0fea-11f0-939f-48e7da436318
04/03/25 01:46:06: SESSION_MGR: creating session with session uuid: '9a570407-d712-48ff-b293-9a5e5953df41' and name 'Code Analyzer'
04/03/25 01:46:06: KERNEL_SVC: creating session with uuid: '9a570407-d712-48ff-b293-9a5e5953df41' and name 'Code Analyzer'
04/03/25 01:46:06: GUIDANCE_SMGR: creating guidance session with uuid: '9a570407-d712-48ff-b293-9a5e5953df41' and name 'Code Analyzer'
04/03/25 01:46:18: SESSION_MGR: closing session for UUID '9a570407-d712-48ff-b293-9a5e5953df41' with name ''
04/03/25 01:46:18: KERNEL_SVC: closing session for UUID '9a570407-d712-48ff-b293-9a5e5953df41' with name ''
04/03/25 01:46:18: GUIDANCE_SMGR: closing session for UUID '9a570407-d712-48ff-b293-9a5e5953df41' with name ''
04/03/25 01:46:18: STOP_SERVER received, server token: 58d1b0bc-0fea-11f0-939f-48e7da436318, passed token: 58d1b0bc-0fea-11f0-939f-48e7da436318
04/03/25 01:46:18: Socket received request to stop server.
04/03/25 01:46:18: Dispatch Server: do_await_stop
04/03/25 01:46:18: SERVER: destructor for server bound to port 55123
04/03/25 01:46:18: Server exiting with status 0.
04/03/25 01:46:18: Closing log file.
04/03/25 01:53:31: Running xcd server. This server was built by gradle.
04/03/25 01:53:31: Server was asked to start on port: '55605'
04/03/25 01:53:31: Server is using token UUID: '62bdf6a4-0feb-11f0-9112-48e7da436318'
04/03/25 01:53:31: SESSION_MGR: creating session with session uuid: '6d04a3e9-ade5-4ab9-8d63-1f78fcd2ec76' and name 'default'
04/03/25 01:53:31: Attempting to start server on port '55605'
04/03/25 01:53:31: Running Dispatch Server
04/03/25 01:53:31: Version 2.2.0
04/03/25 01:53:31: Dispatch Server: Accepted socket connection from client
04/03/25 01:53:31: Starting Socket connection
04/03/25 01:53:31: EXCHANGE_TOKEN received, server token: 62bdf6a4-0feb-11f0-9112-48e7da436318, passed token: 62bdf6a4-0feb-11f0-9112-48e7da436318
04/03/25 01:53:31: SESSION_MGR: creating session with session uuid: 'bbafd00e-7825-4a3a-b2a4-f0460d0f53f3' and name 'Code Analyzer'
04/03/25 01:53:31: KERNEL_SVC: creating session with uuid: 'bbafd00e-7825-4a3a-b2a4-f0460d0f53f3' and name 'Code Analyzer'
04/03/25 01:53:31: GUIDANCE_SMGR: creating guidance session with uuid: 'bbafd00e-7825-4a3a-b2a4-f0460d0f53f3' and name 'Code Analyzer'
04/03/25 01:54:16: SESSION_MGR: closing session for UUID 'bbafd00e-7825-4a3a-b2a4-f0460d0f53f3' with name ''
04/03/25 01:54:16: KERNEL_SVC: closing session for UUID 'bbafd00e-7825-4a3a-b2a4-f0460d0f53f3' with name ''
04/03/25 01:54:16: GUIDANCE_SMGR: closing session for UUID 'bbafd00e-7825-4a3a-b2a4-f0460d0f53f3' with name ''
04/03/25 01:54:16: STOP_SERVER received, server token: 62bdf6a4-0feb-11f0-9112-48e7da436318, passed token: 62bdf6a4-0feb-11f0-9112-48e7da436318
04/03/25 01:54:16: Socket received request to stop server.
04/03/25 01:54:16: Dispatch Server: do_await_stop
04/03/25 01:54:16: SERVER: destructor for server bound to port 55605
04/03/25 01:54:16: Server exiting with status 0.
04/03/25 01:54:16: Closing log file.
04/03/25 02:13:11: Running xcd server. This server was built by gradle.
04/03/25 02:13:11: Server was asked to start on port: '55946'
04/03/25 02:13:11: Server is using token UUID: '225c13a5-0fee-11f0-bb5f-48e7da436318'
04/03/25 02:13:11: SESSION_MGR: creating session with session uuid: '6d04a3e9-ade5-4ab9-8d63-1f78fcd2ec76' and name 'default'
04/03/25 02:13:11: Attempting to start server on port '55946'
04/03/25 02:13:11: Running Dispatch Server
04/03/25 02:13:11: Version 2.2.0
04/03/25 02:13:11: Dispatch Server: Accepted socket connection from client
04/03/25 02:13:11: Starting Socket connection
04/03/25 02:13:11: EXCHANGE_TOKEN received, server token: 225c13a5-0fee-11f0-bb5f-48e7da436318, passed token: 225c13a5-0fee-11f0-bb5f-48e7da436318
04/03/25 02:13:11: SESSION_MGR: creating session with session uuid: '40a48634-5159-4416-9849-97aee4364acf' and name 'Code Analyzer'
04/03/25 02:13:11: KERNEL_SVC: creating session with uuid: '40a48634-5159-4416-9849-97aee4364acf' and name 'Code Analyzer'
04/03/25 02:13:11: GUIDANCE_SMGR: creating guidance session with uuid: '40a48634-5159-4416-9849-97aee4364acf' and name 'Code Analyzer'
04/03/25 02:13:12: SESSION_MGR: closing session for UUID '40a48634-5159-4416-9849-97aee4364acf' with name ''
04/03/25 02:13:12: KERNEL_SVC: closing session for UUID '40a48634-5159-4416-9849-97aee4364acf' with name ''
04/03/25 02:13:12: GUIDANCE_SMGR: closing session for UUID '40a48634-5159-4416-9849-97aee4364acf' with name ''
04/03/25 02:13:12: STOP_SERVER received, server token: 225c13a5-0fee-11f0-bb5f-48e7da436318, passed token: 225c13a5-0fee-11f0-bb5f-48e7da436318
04/03/25 02:13:12: Socket received request to stop server.
04/03/25 02:13:12: Dispatch Server: do_await_stop
04/03/25 02:13:12: SERVER: destructor for server bound to port 55946
04/03/25 02:13:12: Server exiting with status 0.
04/03/25 02:13:12: Closing log file.
04/03/25 02:14:47: Running xcd server. This server was built by gradle.
04/03/25 02:14:47: Server was asked to start on port: '56036'
04/03/25 02:14:47: Server is using token UUID: '5b9b9178-0fee-11f0-bc36-48e7da436318'
04/03/25 02:14:47: SESSION_MGR: creating session with session uuid: '6d04a3e9-ade5-4ab9-8d63-1f78fcd2ec76' and name 'default'
04/03/25 02:14:47: Attempting to start server on port '56036'
04/03/25 02:14:47: Running Dispatch Server
04/03/25 02:14:47: Version 2.2.0
04/03/25 02:14:47: Dispatch Server: Accepted socket connection from client
04/03/25 02:14:47: Starting Socket connection
04/03/25 02:14:47: EXCHANGE_TOKEN received, server token: 5b9b9178-0fee-11f0-bc36-48e7da436318, passed token: 5b9b9178-0fee-11f0-bc36-48e7da436318
04/03/25 02:14:47: SESSION_MGR: creating session with session uuid: 'dedb3d3e-589b-433f-94aa-f0436f3baad1' and name 'Code Analyzer'
04/03/25 02:14:47: KERNEL_SVC: creating session with uuid: 'dedb3d3e-589b-433f-94aa-f0436f3baad1' and name 'Code Analyzer'
04/03/25 02:14:47: GUIDANCE_SMGR: creating guidance session with uuid: 'dedb3d3e-589b-433f-94aa-f0436f3baad1' and name 'Code Analyzer'
04/03/25 02:14:50: SESSION_MGR: closing session for UUID 'dedb3d3e-589b-433f-94aa-f0436f3baad1' with name ''
04/03/25 02:14:50: KERNEL_SVC: closing session for UUID 'dedb3d3e-589b-433f-94aa-f0436f3baad1' with name ''
04/03/25 02:14:50: GUIDANCE_SMGR: closing session for UUID 'dedb3d3e-589b-433f-94aa-f0436f3baad1' with name ''
04/03/25 02:14:50: STOP_SERVER received, server token: 5b9b9178-0fee-11f0-bc36-48e7da436318, passed token: 5b9b9178-0fee-11f0-bc36-48e7da436318
04/03/25 02:14:50: Socket received request to stop server.
04/03/25 02:14:50: Dispatch Server: do_await_stop
04/03/25 02:14:50: SERVER: destructor for server bound to port 56036
04/03/25 02:14:50: Server exiting with status 0.
04/03/25 02:14:50: Closing log file.
04/03/25 02:45:31: Running xcd server. This server was built by gradle.
04/03/25 02:45:31: Server was asked to start on port: '56408'
04/03/25 02:45:31: Server is using token UUID: 'a6b5ba14-0ff2-11f0-90cb-48e7da436318'
04/03/25 02:45:31: SESSION_MGR: creating session with session uuid: '6d04a3e9-ade5-4ab9-8d63-1f78fcd2ec76' and name 'default'
04/03/25 02:45:31: Attempting to start server on port '56408'
04/03/25 02:45:31: Running Dispatch Server
04/03/25 02:45:31: Version 2.2.0
04/03/25 02:45:31: Dispatch Server: Accepted socket connection from client
04/03/25 02:45:31: Starting Socket connection
04/03/25 02:45:31: EXCHANGE_TOKEN received, server token: a6b5ba14-0ff2-11f0-90cb-48e7da436318, passed token: a6b5ba14-0ff2-11f0-90cb-48e7da436318
04/03/25 02:45:31: SESSION_MGR: creating session with session uuid: '27eb6166-e6c8-4db0-8153-f94b7fde5af1' and name 'Code Analyzer'
04/03/25 02:45:31: KERNEL_SVC: creating session with uuid: '27eb6166-e6c8-4db0-8153-f94b7fde5af1' and name 'Code Analyzer'
04/03/25 02:45:31: GUIDANCE_SMGR: creating guidance session with uuid: '27eb6166-e6c8-4db0-8153-f94b7fde5af1' and name 'Code Analyzer'
04/03/25 02:45:32: SESSION_MGR: closing session for UUID '27eb6166-e6c8-4db0-8153-f94b7fde5af1' with name ''
04/03/25 02:45:32: KERNEL_SVC: closing session for UUID '27eb6166-e6c8-4db0-8153-f94b7fde5af1' with name ''
04/03/25 02:45:32: GUIDANCE_SMGR: closing session for UUID '27eb6166-e6c8-4db0-8153-f94b7fde5af1' with name ''
04/03/25 02:45:32: STOP_SERVER received, server token: a6b5ba14-0ff2-11f0-90cb-48e7da436318, passed token: a6b5ba14-0ff2-11f0-90cb-48e7da436318
04/03/25 02:45:32: Socket received request to stop server.
04/03/25 02:45:32: Dispatch Server: do_await_stop
04/03/25 02:45:32: SERVER: destructor for server bound to port 56408
04/03/25 02:45:32: Server exiting with status 0.
04/03/25 02:45:32: Closing log file.
