Execute     source -notrace -encoding utf-8 D:/Vitis/2024.2/tps/tcl/tcl8.6/clock.tcl 
Execute       source -encoding utf-8 D:/Vitis/2024.2/tps/tcl/tcl8/8.5/msgcat-1.6.1.tm 
Execute         source D:/Vitis/2024.2/tps/tcl/tcllib1.11.1/amazon-s3/pkgIndex.tcl 
Execute         source D:/Vitis/2024.2/tps/tcl/tcllib1.11.1/asn/pkgIndex.tcl 
Execute         source D:/Vitis/2024.2/tps/tcl/tcllib1.11.1/base32/pkgIndex.tcl 
Execute         source D:/Vitis/2024.2/tps/tcl/tcllib1.11.1/base64/pkgIndex.tcl 
Execute         source D:/Vitis/2024.2/tps/tcl/tcllib1.11.1/bee/pkgIndex.tcl 
Execute         source D:/Vitis/2024.2/tps/tcl/tcllib1.11.1/bench/pkgIndex.tcl 
Execute         source D:/Vitis/2024.2/tps/tcl/tcllib1.11.1/bibtex/pkgIndex.tcl 
Execute         source D:/Vitis/2024.2/tps/tcl/tcllib1.11.1/cache/pkgIndex.tcl 
Execute         source D:/Vitis/2024.2/tps/tcl/tcllib1.11.1/cmdline/pkgIndex.tcl 
Execute         source D:/Vitis/2024.2/tps/tcl/tcllib1.11.1/comm/pkgIndex.tcl 
Execute         source D:/Vitis/2024.2/tps/tcl/tcllib1.11.1/control/pkgIndex.tcl 
Execute         source D:/Vitis/2024.2/tps/tcl/tcllib1.11.1/counter/pkgIndex.tcl 
Execute         source D:/Vitis/2024.2/tps/tcl/tcllib1.11.1/crc/pkgIndex.tcl 
Execute         source D:/Vitis/2024.2/tps/tcl/tcllib1.11.1/csv/pkgIndex.tcl 
Execute         source D:/Vitis/2024.2/tps/tcl/tcllib1.11.1/dns/pkgIndex.tcl 
Execute         source D:/Vitis/2024.2/tps/tcl/tcllib1.11.1/docstrip/pkgIndex.tcl 
Execute         source D:/Vitis/2024.2/tps/tcl/tcllib1.11.1/doctools/pkgIndex.tcl 
Execute         source D:/Vitis/2024.2/tps/tcl/tcllib1.11.1/exif/pkgIndex.tcl 
Execute         source D:/Vitis/2024.2/tps/tcl/tcllib1.11.1/fileutil/pkgIndex.tcl 
Execute         source D:/Vitis/2024.2/tps/tcl/tcllib1.11.1/ftp/pkgIndex.tcl 
Execute         source D:/Vitis/2024.2/tps/tcl/tcllib1.11.1/ftpd/pkgIndex.tcl 
Execute         source D:/Vitis/2024.2/tps/tcl/tcllib1.11.1/fumagic/pkgIndex.tcl 
Execute         source D:/Vitis/2024.2/tps/tcl/tcllib1.11.1/grammar_fa/pkgIndex.tcl 
Execute         source D:/Vitis/2024.2/tps/tcl/tcllib1.11.1/grammar_me/pkgIndex.tcl 
Execute         source D:/Vitis/2024.2/tps/tcl/tcllib1.11.1/grammar_peg/pkgIndex.tcl 
Execute         source D:/Vitis/2024.2/tps/tcl/tcllib1.11.1/html/pkgIndex.tcl 
Execute         source D:/Vitis/2024.2/tps/tcl/tcllib1.11.1/htmlparse/pkgIndex.tcl 
Execute         source D:/Vitis/2024.2/tps/tcl/tcllib1.11.1/http/pkgIndex.tcl 
Execute         source D:/Vitis/2024.2/tps/tcl/tcllib1.11.1/ident/pkgIndex.tcl 
Execute         source D:/Vitis/2024.2/tps/tcl/tcllib1.11.1/inifile/pkgIndex.tcl 
Execute         source D:/Vitis/2024.2/tps/tcl/tcllib1.11.1/interp/pkgIndex.tcl 
Execute         source D:/Vitis/2024.2/tps/tcl/tcllib1.11.1/irc/pkgIndex.tcl 
Execute         source D:/Vitis/2024.2/tps/tcl/tcllib1.11.1/javascript/pkgIndex.tcl 
Execute         source D:/Vitis/2024.2/tps/tcl/tcllib1.11.1/jpeg/pkgIndex.tcl 
Execute         source D:/Vitis/2024.2/tps/tcl/tcllib1.11.1/json/pkgIndex.tcl 
Execute         source D:/Vitis/2024.2/tps/tcl/tcllib1.11.1/ldap/pkgIndex.tcl 
Execute         source D:/Vitis/2024.2/tps/tcl/tcllib1.11.1/log/pkgIndex.tcl 
Execute         source D:/Vitis/2024.2/tps/tcl/tcllib1.11.1/map/pkgIndex.tcl 
Execute         source D:/Vitis/2024.2/tps/tcl/tcllib1.11.1/mapproj/pkgIndex.tcl 
Execute         source D:/Vitis/2024.2/tps/tcl/tcllib1.11.1/math/pkgIndex.tcl 
Execute         source D:/Vitis/2024.2/tps/tcl/tcllib1.11.1/md4/pkgIndex.tcl 
Execute         source D:/Vitis/2024.2/tps/tcl/tcllib1.11.1/md5/pkgIndex.tcl 
Execute         source D:/Vitis/2024.2/tps/tcl/tcllib1.11.1/md5crypt/pkgIndex.tcl 
Execute         source D:/Vitis/2024.2/tps/tcl/tcllib1.11.1/mime/pkgIndex.tcl 
Execute         source D:/Vitis/2024.2/tps/tcl/tcllib1.11.1/multiplexer/pkgIndex.tcl 
Execute         source D:/Vitis/2024.2/tps/tcl/tcllib1.11.1/ncgi/pkgIndex.tcl 
Execute         source D:/Vitis/2024.2/tps/tcl/tcllib1.11.1/nmea/pkgIndex.tcl 
Execute         source D:/Vitis/2024.2/tps/tcl/tcllib1.11.1/nns/pkgIndex.tcl 
Execute         source D:/Vitis/2024.2/tps/tcl/tcllib1.11.1/nntp/pkgIndex.tcl 
Execute         source D:/Vitis/2024.2/tps/tcl/tcllib1.11.1/ntp/pkgIndex.tcl 
Execute         source D:/Vitis/2024.2/tps/tcl/tcllib1.11.1/otp/pkgIndex.tcl 
Execute         source D:/Vitis/2024.2/tps/tcl/tcllib1.11.1/page/pkgIndex.tcl 
Execute         source D:/Vitis/2024.2/tps/tcl/tcllib1.11.1/pluginmgr/pkgIndex.tcl 
Execute         source D:/Vitis/2024.2/tps/tcl/tcllib1.11.1/png/pkgIndex.tcl 
Execute         source D:/Vitis/2024.2/tps/tcl/tcllib1.11.1/pop3/pkgIndex.tcl 
Execute         source D:/Vitis/2024.2/tps/tcl/tcllib1.11.1/pop3d/pkgIndex.tcl 
Execute         source D:/Vitis/2024.2/tps/tcl/tcllib1.11.1/profiler/pkgIndex.tcl 
Execute         source D:/Vitis/2024.2/tps/tcl/tcllib1.11.1/rcs/pkgIndex.tcl 
Execute         source D:/Vitis/2024.2/tps/tcl/tcllib1.11.1/report/pkgIndex.tcl 
Execute         source D:/Vitis/2024.2/tps/tcl/tcllib1.11.1/ripemd/pkgIndex.tcl 
Execute         source D:/Vitis/2024.2/tps/tcl/tcllib1.11.1/sasl/pkgIndex.tcl 
Execute         source D:/Vitis/2024.2/tps/tcl/tcllib1.11.1/sha1/pkgIndex.tcl 
Execute         source D:/Vitis/2024.2/tps/tcl/tcllib1.11.1/simulation/pkgIndex.tcl 
Execute         source D:/Vitis/2024.2/tps/tcl/tcllib1.11.1/smtpd/pkgIndex.tcl 
Execute         source D:/Vitis/2024.2/tps/tcl/tcllib1.11.1/snit/pkgIndex.tcl 
Execute         source D:/Vitis/2024.2/tps/tcl/tcllib1.11.1/soundex/pkgIndex.tcl 
Execute         source D:/Vitis/2024.2/tps/tcl/tcllib1.11.1/stooop/pkgIndex.tcl 
Execute         source D:/Vitis/2024.2/tps/tcl/tcllib1.11.1/stringprep/pkgIndex.tcl 
Execute         source D:/Vitis/2024.2/tps/tcl/tcllib1.11.1/struct/pkgIndex.tcl 
Execute         source D:/Vitis/2024.2/tps/tcl/tcllib1.11.1/tar/pkgIndex.tcl 
Execute         source D:/Vitis/2024.2/tps/tcl/tcllib1.11.1/term/pkgIndex.tcl 
Execute         source D:/Vitis/2024.2/tps/tcl/tcllib1.11.1/textutil/pkgIndex.tcl 
Execute         source D:/Vitis/2024.2/tps/tcl/tcllib1.11.1/tie/pkgIndex.tcl 
Execute         source D:/Vitis/2024.2/tps/tcl/tcllib1.11.1/tiff/pkgIndex.tcl 
Execute         source D:/Vitis/2024.2/tps/tcl/tcllib1.11.1/transfer/pkgIndex.tcl 
Execute         source D:/Vitis/2024.2/tps/tcl/tcllib1.11.1/treeql/pkgIndex.tcl 
Execute         source D:/Vitis/2024.2/tps/tcl/tcllib1.11.1/try/pkgIndex.tcl 
Execute         source D:/Vitis/2024.2/tps/tcl/tcllib1.11.1/uev/pkgIndex.tcl 
Execute         source D:/Vitis/2024.2/tps/tcl/tcllib1.11.1/units/pkgIndex.tcl 
Execute         source D:/Vitis/2024.2/tps/tcl/tcllib1.11.1/uri/pkgIndex.tcl 
Execute         source D:/Vitis/2024.2/tps/tcl/tcllib1.11.1/uuid/pkgIndex.tcl 
Execute         source D:/Vitis/2024.2/tps/tcl/tcllib1.11.1/wip/pkgIndex.tcl 
Execute         source D:/Vitis/2024.2/tps/tcl/tcllib1.11.1/yaml/pkgIndex.tcl 
Execute         source D:/Vitis/2024.2/tps/tcl/tcllib1.11.1/pkgIndex.tcl 
Execute         source D:/Vitis/2024.2/tps/tcl/tk8.6/pkgIndex.tcl 
Execute         source D:/Vitis/2024.2/tps/tcl/tcl8.6/http1.0/pkgIndex.tcl 
Execute         source D:/Vitis/2024.2/tps/tcl/tcl8.6/opt0.4/pkgIndex.tcl 
Execute         source D:/Vitis/2024.2/tps/tcl/tcl8.6/pkgs/win/thread2.8.7/pkgIndex.tcl 
Execute       source D:/Vitis/2024.2/tps/tcl/tcllib1.11.1/amazon-s3/pkgIndex.tcl 
Execute       source D:/Vitis/2024.2/tps/tcl/tcllib1.11.1/asn/pkgIndex.tcl 
Execute       source D:/Vitis/2024.2/tps/tcl/tcllib1.11.1/base32/pkgIndex.tcl 
Execute       source D:/Vitis/2024.2/tps/tcl/tcllib1.11.1/base64/pkgIndex.tcl 
Execute       source D:/Vitis/2024.2/tps/tcl/tcllib1.11.1/bee/pkgIndex.tcl 
Execute       source D:/Vitis/2024.2/tps/tcl/tcllib1.11.1/bench/pkgIndex.tcl 
Execute       source D:/Vitis/2024.2/tps/tcl/tcllib1.11.1/bibtex/pkgIndex.tcl 
Execute       source D:/Vitis/2024.2/tps/tcl/tcllib1.11.1/cache/pkgIndex.tcl 
Execute       source D:/Vitis/2024.2/tps/tcl/tcllib1.11.1/cmdline/pkgIndex.tcl 
Execute       source D:/Vitis/2024.2/tps/tcl/tcllib1.11.1/comm/pkgIndex.tcl 
Execute       source D:/Vitis/2024.2/tps/tcl/tcllib1.11.1/control/pkgIndex.tcl 
Execute       source D:/Vitis/2024.2/tps/tcl/tcllib1.11.1/counter/pkgIndex.tcl 
Execute       source D:/Vitis/2024.2/tps/tcl/tcllib1.11.1/crc/pkgIndex.tcl 
Execute       source D:/Vitis/2024.2/tps/tcl/tcllib1.11.1/csv/pkgIndex.tcl 
Execute       source D:/Vitis/2024.2/tps/tcl/tcllib1.11.1/dns/pkgIndex.tcl 
Execute       source D:/Vitis/2024.2/tps/tcl/tcllib1.11.1/docstrip/pkgIndex.tcl 
Execute       source D:/Vitis/2024.2/tps/tcl/tcllib1.11.1/doctools/pkgIndex.tcl 
Execute       source D:/Vitis/2024.2/tps/tcl/tcllib1.11.1/exif/pkgIndex.tcl 
Execute       source D:/Vitis/2024.2/tps/tcl/tcllib1.11.1/fileutil/pkgIndex.tcl 
Execute       source D:/Vitis/2024.2/tps/tcl/tcllib1.11.1/ftp/pkgIndex.tcl 
Execute       source D:/Vitis/2024.2/tps/tcl/tcllib1.11.1/ftpd/pkgIndex.tcl 
Execute       source D:/Vitis/2024.2/tps/tcl/tcllib1.11.1/fumagic/pkgIndex.tcl 
Execute       source D:/Vitis/2024.2/tps/tcl/tcllib1.11.1/grammar_fa/pkgIndex.tcl 
Execute       source D:/Vitis/2024.2/tps/tcl/tcllib1.11.1/grammar_me/pkgIndex.tcl 
Execute       source D:/Vitis/2024.2/tps/tcl/tcllib1.11.1/grammar_peg/pkgIndex.tcl 
Execute       source D:/Vitis/2024.2/tps/tcl/tcllib1.11.1/html/pkgIndex.tcl 
Execute       source D:/Vitis/2024.2/tps/tcl/tcllib1.11.1/htmlparse/pkgIndex.tcl 
Execute       source D:/Vitis/2024.2/tps/tcl/tcllib1.11.1/http/pkgIndex.tcl 
Execute       source D:/Vitis/2024.2/tps/tcl/tcllib1.11.1/ident/pkgIndex.tcl 
Execute       source D:/Vitis/2024.2/tps/tcl/tcllib1.11.1/inifile/pkgIndex.tcl 
Execute       source D:/Vitis/2024.2/tps/tcl/tcllib1.11.1/interp/pkgIndex.tcl 
Execute       source D:/Vitis/2024.2/tps/tcl/tcllib1.11.1/irc/pkgIndex.tcl 
Execute       source D:/Vitis/2024.2/tps/tcl/tcllib1.11.1/javascript/pkgIndex.tcl 
Execute       source D:/Vitis/2024.2/tps/tcl/tcllib1.11.1/jpeg/pkgIndex.tcl 
Execute       source D:/Vitis/2024.2/tps/tcl/tcllib1.11.1/json/pkgIndex.tcl 
Execute       source D:/Vitis/2024.2/tps/tcl/tcllib1.11.1/ldap/pkgIndex.tcl 
Execute       source D:/Vitis/2024.2/tps/tcl/tcllib1.11.1/log/pkgIndex.tcl 
Execute       source D:/Vitis/2024.2/tps/tcl/tcllib1.11.1/map/pkgIndex.tcl 
Execute       source D:/Vitis/2024.2/tps/tcl/tcllib1.11.1/mapproj/pkgIndex.tcl 
Execute       source D:/Vitis/2024.2/tps/tcl/tcllib1.11.1/math/pkgIndex.tcl 
Execute       source D:/Vitis/2024.2/tps/tcl/tcllib1.11.1/md4/pkgIndex.tcl 
Execute       source D:/Vitis/2024.2/tps/tcl/tcllib1.11.1/md5/pkgIndex.tcl 
Execute       source D:/Vitis/2024.2/tps/tcl/tcllib1.11.1/md5crypt/pkgIndex.tcl 
Execute       source D:/Vitis/2024.2/tps/tcl/tcllib1.11.1/mime/pkgIndex.tcl 
Execute       source D:/Vitis/2024.2/tps/tcl/tcllib1.11.1/multiplexer/pkgIndex.tcl 
Execute       source D:/Vitis/2024.2/tps/tcl/tcllib1.11.1/ncgi/pkgIndex.tcl 
Execute       source D:/Vitis/2024.2/tps/tcl/tcllib1.11.1/nmea/pkgIndex.tcl 
Execute       source D:/Vitis/2024.2/tps/tcl/tcllib1.11.1/nns/pkgIndex.tcl 
Execute       source D:/Vitis/2024.2/tps/tcl/tcllib1.11.1/nntp/pkgIndex.tcl 
Execute       source D:/Vitis/2024.2/tps/tcl/tcllib1.11.1/ntp/pkgIndex.tcl 
Execute       source D:/Vitis/2024.2/tps/tcl/tcllib1.11.1/otp/pkgIndex.tcl 
Execute       source D:/Vitis/2024.2/tps/tcl/tcllib1.11.1/page/pkgIndex.tcl 
Execute       source D:/Vitis/2024.2/tps/tcl/tcllib1.11.1/pluginmgr/pkgIndex.tcl 
Execute       source D:/Vitis/2024.2/tps/tcl/tcllib1.11.1/png/pkgIndex.tcl 
Execute       source D:/Vitis/2024.2/tps/tcl/tcllib1.11.1/pop3/pkgIndex.tcl 
Execute       source D:/Vitis/2024.2/tps/tcl/tcllib1.11.1/pop3d/pkgIndex.tcl 
Execute       source D:/Vitis/2024.2/tps/tcl/tcllib1.11.1/profiler/pkgIndex.tcl 
Execute       source D:/Vitis/2024.2/tps/tcl/tcllib1.11.1/rcs/pkgIndex.tcl 
Execute       source D:/Vitis/2024.2/tps/tcl/tcllib1.11.1/report/pkgIndex.tcl 
Execute       source D:/Vitis/2024.2/tps/tcl/tcllib1.11.1/ripemd/pkgIndex.tcl 
Execute       source D:/Vitis/2024.2/tps/tcl/tcllib1.11.1/sasl/pkgIndex.tcl 
Execute       source D:/Vitis/2024.2/tps/tcl/tcllib1.11.1/sha1/pkgIndex.tcl 
Execute       source D:/Vitis/2024.2/tps/tcl/tcllib1.11.1/simulation/pkgIndex.tcl 
Execute       source D:/Vitis/2024.2/tps/tcl/tcllib1.11.1/smtpd/pkgIndex.tcl 
Execute       source D:/Vitis/2024.2/tps/tcl/tcllib1.11.1/snit/pkgIndex.tcl 
Execute       source D:/Vitis/2024.2/tps/tcl/tcllib1.11.1/soundex/pkgIndex.tcl 
Execute       source D:/Vitis/2024.2/tps/tcl/tcllib1.11.1/stooop/pkgIndex.tcl 
Execute       source D:/Vitis/2024.2/tps/tcl/tcllib1.11.1/stringprep/pkgIndex.tcl 
Execute       source D:/Vitis/2024.2/tps/tcl/tcllib1.11.1/struct/pkgIndex.tcl 
Execute       source D:/Vitis/2024.2/tps/tcl/tcllib1.11.1/tar/pkgIndex.tcl 
Execute       source D:/Vitis/2024.2/tps/tcl/tcllib1.11.1/term/pkgIndex.tcl 
Execute       source D:/Vitis/2024.2/tps/tcl/tcllib1.11.1/textutil/pkgIndex.tcl 
Execute       source D:/Vitis/2024.2/tps/tcl/tcllib1.11.1/tie/pkgIndex.tcl 
Execute       source D:/Vitis/2024.2/tps/tcl/tcllib1.11.1/tiff/pkgIndex.tcl 
Execute       source D:/Vitis/2024.2/tps/tcl/tcllib1.11.1/transfer/pkgIndex.tcl 
Execute       source D:/Vitis/2024.2/tps/tcl/tcllib1.11.1/treeql/pkgIndex.tcl 
Execute       source D:/Vitis/2024.2/tps/tcl/tcllib1.11.1/try/pkgIndex.tcl 
Execute       source D:/Vitis/2024.2/tps/tcl/tcllib1.11.1/uev/pkgIndex.tcl 
Execute       source D:/Vitis/2024.2/tps/tcl/tcllib1.11.1/units/pkgIndex.tcl 
Execute       source D:/Vitis/2024.2/tps/tcl/tcllib1.11.1/uri/pkgIndex.tcl 
Execute       source D:/Vitis/2024.2/tps/tcl/tcllib1.11.1/uuid/pkgIndex.tcl 
Execute       source D:/Vitis/2024.2/tps/tcl/tcllib1.11.1/wip/pkgIndex.tcl 
Execute       source D:/Vitis/2024.2/tps/tcl/tcllib1.11.1/yaml/pkgIndex.tcl 
Execute       source D:/Vitis/2024.2/tps/tcl/tcllib1.11.1/pkgIndex.tcl 
Execute       source D:/Vitis/2024.2/tps/tcl/tk8.6/pkgIndex.tcl 
Execute       source D:/Vitis/2024.2/tps/tcl/tcl8.6/http1.0/pkgIndex.tcl 
Execute       source D:/Vitis/2024.2/tps/tcl/tcl8.6/opt0.4/pkgIndex.tcl 
Execute       source D:/Vitis/2024.2/tps/tcl/tcl8.6/pkgs/win/thread2.8.7/pkgIndex.tcl 
INFO-FLOW: Workspace C:/Users/Administrator/Desktop/EEE/hls/hls_component/full_cnn/hls opened at Fri Apr 04 20:28:31 +0800 2025
Execute     send_msg_by_id INFO @200-1505@%s%s default  vivado 
INFO: [HLS 200-1505] Using default flow_target 'vivado'
Execute   apply_ini C:/Users/Administrator/Desktop/EEE/hls/cnn_conv/hls_config.cfg 
Execute     send_msg_by_id INFO @200-1465@%s 'syn.file=C:/Users/Administrator/Desktop/EEE/full_cnn.cpp' from C:/Users/Administrator/Desktop/EEE/hls/cnn_conv/hls_config.cfg(12) 
INFO: [HLS 200-1465] Applying ini 'syn.file=C:/Users/Administrator/Desktop/EEE/full_cnn.cpp' from C:/Users/Administrator/Desktop/EEE/hls/cnn_conv/hls_config.cfg(12)
Execute     add_files C:/Users/Administrator/Desktop/EEE/full_cnn.cpp 
INFO: [HLS 200-10] Adding design file 'C:/Users/Administrator/Desktop/EEE/full_cnn.cpp' to the project
Execute     send_msg_by_id INFO @200-1465@%s 'tb.file=C:/Users/Administrator/Desktop/EEE/full_cnn_tb.cpp' from C:/Users/Administrator/Desktop/EEE/hls/cnn_conv/hls_config.cfg(11) 
INFO: [HLS 200-1465] Applying ini 'tb.file=C:/Users/Administrator/Desktop/EEE/full_cnn_tb.cpp' from C:/Users/Administrator/Desktop/EEE/hls/cnn_conv/hls_config.cfg(11)
Execute     add_files -tb C:/Users/Administrator/Desktop/EEE/full_cnn_tb.cpp 
INFO: [HLS 200-10] Adding test bench file 'C:/Users/Administrator/Desktop/EEE/full_cnn_tb.cpp' to the project
Execute     send_msg_by_id INFO @200-1465@%s 'syn.top=full_cnn' from C:/Users/Administrator/Desktop/EEE/hls/cnn_conv/hls_config.cfg(10) 
INFO: [HLS 200-1465] Applying ini 'syn.top=full_cnn' from C:/Users/Administrator/Desktop/EEE/hls/cnn_conv/hls_config.cfg(10)
Execute     set_top full_cnn 
Execute     send_msg_by_id INFO @200-1465@%s 'flow_target=vivado' from C:/Users/Administrator/Desktop/EEE/hls/cnn_conv/hls_config.cfg(4) 
INFO: [HLS 200-1465] Applying ini 'flow_target=vivado' from C:/Users/Administrator/Desktop/EEE/hls/cnn_conv/hls_config.cfg(4)
Execute     send_msg_by_id INFO @200-1505@%s%s  vivado 
INFO: [HLS 200-1505] Using flow_target 'vivado'
Execute     send_msg_by_id INFO @200-1465@%s 'part=xc7z020clg400-2' from C:/Users/Administrator/Desktop/EEE/hls/cnn_conv/hls_config.cfg(1) 
INFO: [HLS 200-1465] Applying ini 'part=xc7z020clg400-2' from C:/Users/Administrator/Desktop/EEE/hls/cnn_conv/hls_config.cfg(1)
Execute     set_part xc7z020clg400-2 
Execute       create_platform xc7z020clg400-2 -board  
DBG:HLSDevice: Trying to load device library: D:/Vitis/2024.2\lib\win64.o\xv_hlsvwrap.dll
DBG:HLSDevice: first parts/arch.xml in RDI_DATADIR: D:/Vivado/2024.2/data/parts/arch.xml
DBG:HLSDevice: init success
INFO: [HLS 200-1611] Setting target device to 'xc7z020-clg400-2'
Command       create_platform done; 1.577 sec.
Execute       source D:/Vitis/2024.2/common/technology/xilinx/common/xilinx.gen 
Execute         source D:/Vitis/2024.2/common/technology/xilinx/interface/plb46.gen 
Execute         source D:/Vitis/2024.2/common/technology/xilinx/interface/axi4.gen 
Execute         source D:/Vitis/2024.2/common/technology/xilinx/interface/nativeAXI4.gen 
Execute           source D:/Vitis/2024.2/common/technology/xilinx/interface/saxilite.gen 
Execute         source D:/Vitis/2024.2/common/technology/xilinx/scripts/xilinxcoregen.gen 
Execute         source D:/Vitis/2024.2/common/technology/xilinx/interface/XilEDKCoreGen.gen 
Execute         source D:/Vitis/2024.2/common/technology/xilinx/ip/dds_compiler.gen 
Execute         source D:/Vitis/2024.2/common/technology/xilinx/ip/util.gen 
Execute         source D:/Vitis/2024.2/common/technology/xilinx/ip/xfft.gen 
Execute         source D:/Vitis/2024.2/common/technology/xilinx/ip/xfir.gen 
Execute         source D:/Vitis/2024.2/common/technology/xilinx/DSP48/dsp48.gen 
Execute       ap_part_info -name xc7z020-clg400-2 -data info 
Execute       config_compile -quiet -complex-mul-dsp=0 
Command     set_part done; 1.74 sec.
Execute     send_msg_by_id INFO @200-1465@%s 'clock=10ns' from C:/Users/Administrator/Desktop/EEE/hls/cnn_conv/hls_config.cfg(7) 
INFO: [HLS 200-1465] Applying ini 'clock=10ns' from C:/Users/Administrator/Desktop/EEE/hls/cnn_conv/hls_config.cfg(7)
Execute     create_clock -period 10ns 
Execute       ap_set_clock -name default -period 10 -unit ns -default=false 
INFO: [SYN 201-201] Setting up clock 'default' with a period of 10ns.
Execute     send_msg_by_id INFO @200-1465@%s 'clock_uncertainty=2ns' from C:/Users/Administrator/Desktop/EEE/hls/cnn_conv/hls_config.cfg(8) 
INFO: [HLS 200-1465] Applying ini 'clock_uncertainty=2ns' from C:/Users/Administrator/Desktop/EEE/hls/cnn_conv/hls_config.cfg(8)
Execute     set_clock_uncertainty 2ns 
Execute       ap_set_clock -name default -uncertainty 2 -unit ns 
INFO: [SYN 201-201] Setting up clock 'default' with an uncertainty of 2ns.
Execute     send_msg_by_id INFO @200-1465@%s 'csim.code_analyzer=0' from C:/Users/Administrator/Desktop/EEE/hls/cnn_conv/hls_config.cfg(9) 
INFO: [HLS 200-1465] Applying ini 'csim.code_analyzer=0' from C:/Users/Administrator/Desktop/EEE/hls/cnn_conv/hls_config.cfg(9)
Execute     config_csim -code_analyzer=0 
Execute     send_msg_by_id INFO @200-1465@%s 'package.output.format=ip_catalog' from C:/Users/Administrator/Desktop/EEE/hls/cnn_conv/hls_config.cfg(5) 
INFO: [HLS 200-1465] Applying ini 'package.output.format=ip_catalog' from C:/Users/Administrator/Desktop/EEE/hls/cnn_conv/hls_config.cfg(5)
Execute     config_export -format=ip_catalog 
Command   apply_ini done; 1.766 sec.
Execute   apply_ini C:/Users/Administrator/Desktop/EEE/hls/hls_component/full_cnn/hls/config.cmdline 
Execute   ::AP::init_summary_file csim 
Execute     AP::app_get_file_relativeroot [AP::app_get_root] {}
Execute   csim_design 
INFO-FLOW: Running SLX 'csim' proc: ::SLX::run_csim
INFO: [SIM 211-2] *************** CSIM start ***************
INFO: [SIM 211-4] CSIM will launch CLANG as the compiler.
Execute     send_msg_by_id INFO @200-2036@%s debug 
INFO: [HLS 200-2036] Building debug C Simulation binaries
Execute     source D:/Vitis/2024.2/tps/tcl/tcllib1.11.1/yaml/huddle.tcl 
Execute     source D:/Vitis/2024.2/tps/tcl/tcllib1.11.1/yaml/json2huddle.tcl 
Execute     ap_part_info -name xc7z020-clg400-2 -data info 
Execute     source run_sim.tcl 
Command     ap_source done; 0.893 sec.
INFO: [SIM 211-1] CSim done with 0 errors.
INFO: [SIM 211-3] *************** CSIM finish ***************
Command   csim_design done; 6.284 sec.
Execute   close_project 
Execute     close_solution 
Execute       cleanup_all 
Execute       cleanup_all 
